Tests running in interp:  /tmp/go-build942841765/b001/tcl.test
Tests located in:  /tmp/tcl-test-905155498
Tests running in:  /tmp/tcl-test-905155498
Temporary files stored in /tmp/tcl-test-905155498
Test files sourced into current interpreter
Skipping tests that match:  cmdIL-6.* trace-24.5 trace-25.* trace-34.1 zlib-8.* io-30.* io-29.* basic-46.2 basic-46.3 basic-46.4 basic-46.5 chan-io-14.3 chan-io-14.4 chan-io-28.6 chan-io-28.7 chan-io-29.33 chan-io-60.1 compile-12.2 compile-13.1 env-2.1 env-2.2 env-2.3 env-2.4 env-3.1 env-4.1 env-4.3 env-4.4 env-4.5 event-13.8 event-14.8 event-7.5 exit-1.1 exit-1.2 pid-1.2 regexp-14.3 regexpComp-14.3 subst-5.10 subst-5.8 subst-5.9 encoding-24.1 encoding-24.2 io-14.3 io-14.4 chan-16.9 chan-io-29.34 chan-io-29.35 chan-io-39.18 chan-io-39.19 chan-io-39.20 chan-io-39.21 chan-io-39.23 chan-io-39.24 chan-io-51.1 chan-io-53.5 chan-io-54.1 chan-io-54.2 chan-io-57.1 chan-io-57.2 event-11.5 zlib-10.0 zlib-10.1 zlib-10.2 zlib-9.* io-39.18 io-39.19 io-39.20 io-39.21 io-39.23 io-39.24 io-51.1 io-53.5 io-54.1 io-54.2 io-57.1 io-57.2 io-60.1 info-16.4 unixFCmd-16.* cmdAH-2.5 cmdAH-8.39 cmdAH-15.1 cmdAH-19.* cmdAH-30.8 safe-13.* safe-16.3 unixFCmd-1.* unixFCmd-12.2 cmdAH-7.1 unixFCmd-15.1 chan-17.4 event-13.6 event-14.6
Running tests that match:  *
Skipping test files that match:  exec.test http11.test ioCmd.test main.test stack.test socket.test cmdAH.test fCmd.test fileName.test fileSystem.test msgcat.test tcltest.test http.test httpold.test unixNotfy.test
Only running test files that match:  *.test
Tests began at Tue Jul 28 12:02:33 CEST 2020
aaa_exit.test
append.test
appendComp.test
apply.test
assemble.test
assocd.test
async.test
autoMkindex.test
basic.test
binary.test
case.test
chan.test
chanio.test
clock.test
cmdIL.test
cmdInfo.test
cmdMZ.test
compExpr-old.test
compExpr.test
compile.test
concat.test
config.test
coroutine.test
dcall.test
dict.test
dstring.test
encoding.test
env.test
error.test
eval.test
event.test
execute.test
expr-old.test
expr.test
fileSystemEncoding.test
for-old.test
for.test
foreach.test
format.test
get.test
history.test
httpPipeline.test
if-old.test
if.test
incr-old.test
incr.test
indexObj.test
info.test
init.test
interp.test
io.test
ioTrans.test
iogt.test
join.test
lindex.test
link.test
linsert.test
list.test
listObj.test
llength.test
lmap.test
load.test
lrange.test
lrepeat.test
lreplace.test
lsearch.test
lset.test
lsetComp.test
macOSXFCmd.test
macOSXLoad.test
mathop.test


==== mathop-25.30 exp operator FAILED
==== Contents of test case:
expr {[set res [TestOp **  $big -1e-18]] >  0 && $res < 1}
---- Result was:
0
---- Result should have been (exact matching):
1
==== mathop-25.30 FAILED

misc.test
namespace-old.test
namespace.test
notify.test
nre.test
obj.test
oo.test
ooNext2.test
opt.test
package.test
parse.test
parseExpr.test
parseOld.test
pid.test
pkgMkIndex.test
platform.test
proc-old.test
proc.test
pwd.test
reg.test
regexp.test
regexpComp.test
registry.test
rename.test
resolver.test
result.test
safe.test
scan.test
security.test
set-old.test
set.test
source.test
split.test
string.test
stringComp.test
stringObj.test
subst.test
switch.test
tailcall.test
thread.test
timer.test
tm.test
trace.test
unixFCmd.test


==== unixFCmd-13.2 GetOwnerAttribute FAILED
==== Contents of test case:

    close [open foo.test w]
    file attributes foo.test -owner

---- Result was:
jnml
---- Result should have been (exact matching):
root
==== unixFCmd-13.2 FAILED

unixFile.test
unixForkEvent.test
unixInit.test
unknown.test
unload.test
uplevel.test
upvar.test
utf.test
util.test
var.test
while-old.test
while.test
winConsole.test
winDde.test
winFCmd.test
winFile.test
winNotify.test
winPipe.test
winTime.test
zlib.test

Tests ended at Tue Jul 28 12:03:30 CEST 2020
all.tcl:	Total	31434	Passed	27971	Skipped	3461	Failed	2
Sourced 135 Test Files.
Files with failing tests: mathop.test unixFCmd.test
Number of tests skipped for each constraint:
	9	!ieeeFloatingPoint
	11	!singleTestInterp
	76	bigEndian
	5	bug-3057639
	49	dde
	1	dontCopyLinks
	60	emptyTest
	1	execMknod
	1	foundGroup
	5	fullutf
	2	hasIsoLocale
	1	knownBadTest
	38	knownBug
	100	localeRegexp
	52	longIs32bit
	14	macosxFileAttr
	79	memory
	18	nonPortable
	9	nt
	19	pkgaRequired
	20	pkguaRequired
	4	readonlyAttr
	1996	serverNeeded
	138	stdio
	1	testCPUID
	1	testexprparser && !ieeeFloatingPoint
	1	testwinclock
	21	testwordend
	88	thread
	3	threaded
	3	tip389
	2	umask
	2	wideBiggerThanInt
	387	win
	4	winVista
